[36mvite v7.3.1 [32mbuilding client environment for production...[36m[39m
transforming...
[32m✓[39m 22 modules transformed.
[31m✗[39m Build failed in 162ms
[31merror during build:
[31mCould not resolve "../../assets/characters/black-panther.jpg" from "src/components/hero/characters/data/characters.js"[31m
file: [36mC:/Users/lubai/Mockup/marvel/src/components/hero/characters/data/characters.js[31m
    at getRollupError (file:///C:/Users/lubai/Mockup/marvel/node_modules/rollup/dist/es/shared/parseAst.js:402:41)
    at error (file:///C:/Users/lubai/Mockup/marvel/node_modules/rollup/dist/es/shared/parseAst.js:398:42)
    at ModuleLoader.handleInvalidResolvedId (file:///C:/Users/lubai/Mockup/marvel/node_modules/rollup/dist/es/shared/node-entry.js:21710:24)
    at file:///C:/Users/lubai/Mockup/marvel/node_modules/rollup/dist/es/shared/node-entry.js:21670:26[39m
